// Jest Snapshot v1, https://goo.gl/fbAQLP

exports[`Banner should render correctly 1`] = `
ShallowWrapper {
  Symbol(enzyme.__root__): [Circular],
  Symbol(enzyme.__unrendered__): <Banner />,
  Symbol(enzyme.__renderer__): Object {
    "batchedUpdates": [Function],
    "checkPropTypes": [Function],
    "getNode": [Function],
    "render": [Function],
    "simulateError": [Function],
    "simulateEvent": [Function],
    "unmount": [Function],
  },
  Symbol(enzyme.__node__): Object {
    "instance": null,
    "key": undefined,
    "nodeType": "host",
    "props": Object {
      "children": <div
        className="banner-section"
        id="home"
      >
        <div
          className="welcome-text"
        >
          <h2>
            Portfolio
          </h2>
          <i
            aria-hidden="true"
            className="fa fa-code"
          />
        </div>
      </div>,
    },
    "ref": null,
    "rendered": Object {
      "instance": null,
      "key": undefined,
      "nodeType": "host",
      "props": Object {
        "children": <div
          className="welcome-text"
        >
          <h2>
            Portfolio
          </h2>
          <i
            aria-hidden="true"
            className="fa fa-code"
          />
        </div>,
        "className": "banner-section",
        "id": "home",
      },
      "ref": null,
      "rendered": Object {
        "instance": null,
        "key": undefined,
        "nodeType": "host",
        "props": Object {
          "children": Array [
            <h2>
              Portfolio
            </h2>,
            <i
              aria-hidden="true"
              className="fa fa-code"
            />,
          ],
          "className": "welcome-text",
        },
        "ref": null,
        "rendered": Array [
          Object {
            "instance": null,
            "key": undefined,
            "nodeType": "host",
            "props": Object {
              "children": "Portfolio",
            },
            "ref": null,
            "rendered": "Portfolio",
            "type": "h2",
          },
          Object {
            "instance": null,
            "key": undefined,
            "nodeType": "host",
            "props": Object {
              "aria-hidden": "true",
              "className": "fa fa-code",
            },
            "ref": null,
            "rendered": null,
            "type": "i",
          },
        ],
        "type": "div",
      },
      "type": "div",
    },
    "type": "section",
  },
  Symbol(enzyme.__nodes__): Array [
    Object {
      "instance": null,
      "key": undefined,
      "nodeType": "host",
      "props": Object {
        "children": <div
          className="banner-section"
          id="home"
        >
          <div
            className="welcome-text"
          >
            <h2>
              Portfolio
            </h2>
            <i
              aria-hidden="true"
              className="fa fa-code"
            />
          </div>
        </div>,
      },
      "ref": null,
      "rendered": Object {
        "instance": null,
        "key": undefined,
        "nodeType": "host",
        "props": Object {
          "children": <div
            className="welcome-text"
          >
            <h2>
              Portfolio
            </h2>
            <i
              aria-hidden="true"
              className="fa fa-code"
            />
          </div>,
          "className": "banner-section",
          "id": "home",
        },
        "ref": null,
        "rendered": Object {
          "instance": null,
          "key": undefined,
          "nodeType": "host",
          "props": Object {
            "children": Array [
              <h2>
                Portfolio
              </h2>,
              <i
                aria-hidden="true"
                className="fa fa-code"
              />,
            ],
            "className": "welcome-text",
          },
          "ref": null,
          "rendered": Array [
            Object {
              "instance": null,
              "key": undefined,
              "nodeType": "host",
              "props": Object {
                "children": "Portfolio",
              },
              "ref": null,
              "rendered": "Portfolio",
              "type": "h2",
            },
            Object {
              "instance": null,
              "key": undefined,
              "nodeType": "host",
              "props": Object {
                "aria-hidden": "true",
                "className": "fa fa-code",
              },
              "ref": null,
              "rendered": null,
              "type": "i",
            },
          ],
          "type": "div",
        },
        "type": "div",
      },
      "type": "section",
    },
  ],
  Symbol(enzyme.__options__): Object {
    "adapter": ReactSixteenAdapter {
      "options": Object {
        "enableComponentDidUpdateOnSetState": true,
        "legacyContextMode": "parent",
        "lifecycles": Object {
          "componentDidUpdate": Object {
            "onSetState": true,
          },
          "getChildContext": Object {
            "calledByRenderer": false,
          },
          "getDerivedStateFromProps": true,
          "getSnapshotBeforeUpdate": true,
          "setState": Object {
            "skipsComponentDidUpdateOnNullish": true,
          },
        },
      },
    },
  },
}
`;
